<html>
<body>
<table>
<tr>
<td class="live"></td><td class="live"></td>
</tr>
<tr>
<td class="live"></td><td class="live"></td>
</tr>
</table>
</body>
</html>
