<html>
<body>
<table>
<tr></tr>
</table>
</body>
</html>
