<html>
<body>
<table>
<tr>
<td class="dead"></td><td class="dead"></td><td class="dead"></td>
</tr>
</table>
</body>
</html>
